// Jest Snapshot v1, https://goo.gl/fbAQLP

exports[`App renders App component correctly 1`] = `
<DocumentFragment>
  <div
    class="weather-app"
  >
    <div
      class="location"
    >
      <h1
        class="location-details"
      >
        Manchester, UK
      </h1>
    </div>
    <div
      class="search-form"
    >
      <div
        class="search-form"
      >
        <input
          type="text"
          value=""
        />
        <button
          type="submit"
        >
          Search
        </button>
      </div>
      <div
        class="forecast-summaries"
      >
        <div
          class="forecast-summary"
          data-testid="forecast-summary"
        >
          <div
            class="forecast-summary__date"
          >
            Mon Apr 30 2018
          </div>
          <div
            class="forecast-summary__icon"
            data-testid="forecast-icon"
          >
            <img
              alt="icon"
              src="https://openweathermap.org/img/wn/01d@2x.png"
            />
            800
          </div>
          <div
            class="forecast-summary__temperature"
          >
            11°C
          </div>
          <div
            class="forecast-summary__description"
          >
            Clear
          </div>
          <button
            type="button"
          >
            More details
          </button>
        </div>
        <div
          class="forecast-summary"
          data-testid="forecast-summary"
        >
          <div
            class="forecast-summary__date"
          >
            Tue May 01 2018
          </div>
          <div
            class="forecast-summary__icon"
            data-testid="forecast-icon"
          >
            <img
              alt="icon"
            />
            211
          </div>
          <div
            class="forecast-summary__temperature"
          >
            13°C
          </div>
          <div
            class="forecast-summary__description"
          >
            Stormy
          </div>
          <button
            type="button"
          >
            More details
          </button>
        </div>
        <div
          class="forecast-summary"
          data-testid="forecast-summary"
        >
          <div
            class="forecast-summary__date"
          >
            Wed May 02 2018
          </div>
          <div
            class="forecast-summary__icon"
            data-testid="forecast-icon"
          >
            <img
              alt="icon"
            />
            602
          </div>
          <div
            class="forecast-summary__temperature"
          >
            1°C
          </div>
          <div
            class="forecast-summary__description"
          >
            Heavy Snow
          </div>
          <button
            type="button"
          >
            More details
          </button>
        </div>
        <div
          class="forecast-summary"
          data-testid="forecast-summary"
        >
          <div
            class="forecast-summary__date"
          >
            Thu May 03 2018
          </div>
          <div
            class="forecast-summary__icon"
            data-testid="forecast-icon"
          >
            <img
              alt="icon"
            />
            781
          </div>
          <div
            class="forecast-summary__temperature"
          >
            20°C
          </div>
          <div
            class="forecast-summary__description"
          >
            Tornado
          </div>
          <button
            type="button"
          >
            More details
          </button>
        </div>
        <div
          class="forecast-summary"
          data-testid="forecast-summary"
        >
          <div
            class="forecast-summary__date"
          >
            Fri May 04 2018
          </div>
          <div
            class="forecast-summary__icon"
            data-testid="forecast-icon"
          >
            <img
              alt="icon"
            />
            721
          </div>
          <div
            class="forecast-summary__temperature"
          >
            25°C
          </div>
          <div
            class="forecast-summary__description"
          >
            Hazy
          </div>
          <button
            type="button"
          >
            More details
          </button>
        </div>
      </div>
      <div
        class="forecast-details"
        data-testid="forecast-details"
      >
        <div
          class="forecast-details__date"
        >
          <h2>
            Mon Apr 30 2018
          </h2>
        </div>
        <div
          class="forecast-details__temperature-min"
        >
          <span>
            Min temperature: 
          </span>
          4°C
        </div>
        <div
          class="forecast-details__temperature-max"
        >
          <span>
            Max temperature: 
          </span>
          11°C
        </div>
        <div
          class="forecast-details__humidity"
        >
          <span>
            Humidity: 
          </span>
          30%
        </div>
        <div
          class="forecast-details__wind-speed"
        >
          <span>
            Wind speed: 
          </span>
          13 mph
        </div>
        <div
          class="forecast-details__wind-direction"
        >
          <span>
            Wind direction: 
          </span>
          south
        </div>
      </div>
    </div>
  </div>
</DocumentFragment>
`;
